// Jest Snapshot v1, https://goo.gl/fbAQLP

exports[`tests section 4 of the specification section 4: comments 1`] = `
Object {
  "foobar": Object {
    "name": "foobar",
    "root": Object {
      "children": Array [
        Object {
          "collectionIdent": undefined,
          "forks": false,
          "inclusive": true,
          "matches": Array [
            Object {
              "matches": /\\[a-z\\]/,
              "type": "character_range_criterion",
            },
            Object {
              "matches": /\\[A-Z\\]/,
              "type": "character_range_criterion",
            },
          ],
          "optional": false,
          "repeat": undefined,
          "type": "matching_rule",
        },
        Object {
          "collectionIdent": undefined,
          "forks": false,
          "inclusive": true,
          "matches": Array [
            Object {
              "matches": "#",
              "type": "literal_criterion",
            },
          ],
          "optional": false,
          "repeat": undefined,
          "type": "matching_rule",
        },
      ],
      "collectionIdent": undefined,
      "forks": false,
      "optional": false,
      "parent": undefined,
      "repeat": undefined,
      "type": "block",
    },
    "type": "pattern",
  },
}
`;
